[
    ( IdentifierCode "!"
    ,
        [ LogicTick LogicLow
        , LogicTick LogicLow
        , LogicTick LogicLow
        , LogicTick LogicLow
        , LogicTick LogicLow
        , LogicTick LogicLow
        , LogicTick LogicLow
        , LogicTick LogicLow
        , LogicTick LogicRising
        , LogicTick LogicHigh
        , LogicTick LogicHigh
        , LogicTick LogicHigh
        , LogicTick LogicHigh
        , LogicTick LogicHigh
        , LogicTick LogicHigh
        , LogicTick LogicHigh
        , LogicTick LogicHigh
        , LogicTick LogicHigh
        , LogicTick LogicFalling
        , LogicTick LogicLow
        , LogicTick LogicLow
        , LogicTick LogicLow
        , LogicTick LogicLow
        , LogicTick LogicLow
        , LogicTick LogicLow
        , LogicTick LogicLow
        , LogicTick LogicLow
        , LogicTick LogicLow
        , LogicTick LogicRising
        , LogicTick LogicHigh
        , LogicTick LogicHigh
        , LogicTick LogicHigh
        , LogicTick LogicHigh
        , LogicTick LogicHigh
        , LogicTick LogicHigh
        , LogicTick LogicHigh
        , LogicTick LogicHigh
        , LogicTick LogicHigh
        , LogicTick LogicFalling
        , LogicTick LogicLow
        , LogicTick LogicLow
        , LogicTick LogicLow
        , LogicTick LogicLow
        , LogicTick LogicLow
        , LogicTick LogicLow
        , LogicTick LogicLow
        , LogicTick LogicLow
        , LogicTick LogicLow
        , LogicTick LogicRising
        , LogicTick LogicHigh
        , LogicTick LogicHigh
        , LogicTick LogicHigh
        , LogicTick LogicHigh
        , LogicTick LogicHigh
        , LogicTick LogicHigh
        , LogicTick LogicHigh
        , LogicTick LogicHigh
        , LogicTick LogicHigh
        , LogicTick LogicFalling
        , LogicTick LogicLow
        , LogicTick LogicLow
        , LogicTick LogicLow
        , LogicTick LogicLow
        , LogicTick LogicLow
        , LogicTick LogicLow
        , LogicTick LogicLow
        , LogicTick LogicLow
        , LogicTick LogicLow
        , LogicTick LogicRising
        , LogicTick LogicHigh
        , LogicTick LogicHigh
        , LogicTick LogicHigh
        , LogicTick LogicHigh
        , LogicTick LogicHigh
        , LogicTick LogicHigh
        , LogicTick LogicHigh
        , LogicTick LogicHigh
        , LogicTick LogicHigh
        , LogicTick LogicFalling
        , LogicTick LogicLow
        , LogicTick LogicLow
        , LogicTick LogicLow
        , LogicTick LogicLow
        , LogicTick LogicLow
        , LogicTick LogicLow
        , LogicTick LogicLow
        , LogicTick LogicLow
        , LogicTick LogicLow
        , LogicTick LogicRising
        , LogicTick LogicHigh
        , LogicTick LogicHigh
        , LogicTick LogicHigh
        , LogicTick LogicHigh
        , LogicTick LogicHigh
        , LogicTick LogicHigh
        , LogicTick LogicHigh
        , LogicTick LogicHigh
        , LogicTick LogicHigh
        , LogicTick LogicFalling
        , LogicTick LogicLow
        , LogicTick LogicLow
        , LogicTick LogicLow
        ]
    )
,
    ( IdentifierCode """
    ,
        [ LogicTick LogicHigh
        , LogicTick LogicHigh
        , LogicTick LogicHigh
        , LogicTick LogicHigh
        , LogicTick LogicHigh
        , LogicTick LogicHigh
        , LogicTick LogicHigh
        , LogicTick LogicHigh
        , LogicTick LogicHigh
        , LogicTick LogicHigh
        , LogicTick LogicHigh
        , LogicTick LogicHigh
        , LogicTick LogicHigh
        , LogicTick LogicHigh
        , LogicTick LogicHigh
        , LogicTick LogicHigh
        , LogicTick LogicHigh
        , LogicTick LogicHigh
        , LogicTick LogicFalling
        , LogicTick LogicLow
        , LogicTick LogicLow
        , LogicTick LogicLow
        , LogicTick LogicLow
        , LogicTick LogicLow
        , LogicTick LogicLow
        , LogicTick LogicLow
        , LogicTick LogicLow
        , LogicTick LogicLow
        , LogicTick LogicLow
        , LogicTick LogicLow
        , LogicTick LogicLow
        , LogicTick LogicLow
        , LogicTick LogicLow
        , LogicTick LogicLow
        , LogicTick LogicLow
        , LogicTick LogicLow
        , LogicTick LogicLow
        , LogicTick LogicLow
        , LogicTick LogicLow
        , LogicTick LogicLow
        , LogicTick LogicLow
        , LogicTick LogicLow
        , LogicTick LogicLow
        , LogicTick LogicLow
        , LogicTick LogicLow
        , LogicTick LogicLow
        , LogicTick LogicLow
        , LogicTick LogicLow
        , LogicTick LogicLow
        , LogicTick LogicLow
        , LogicTick LogicLow
        , LogicTick LogicLow
        , LogicTick LogicLow
        , LogicTick LogicLow
        , LogicTick LogicLow
        , LogicTick LogicLow
        , LogicTick LogicLow
        , LogicTick LogicLow
        , LogicTick LogicLow
        , LogicTick LogicLow
        , LogicTick LogicLow
        , LogicTick LogicLow
        , LogicTick LogicLow
        , LogicTick LogicLow
        , LogicTick LogicLow
        , LogicTick LogicLow
        , LogicTick LogicLow
        , LogicTick LogicLow
        , LogicTick LogicLow
        , LogicTick LogicLow
        , LogicTick LogicLow
        , LogicTick LogicLow
        , LogicTick LogicLow
        , LogicTick LogicLow
        , LogicTick LogicLow
        , LogicTick LogicLow
        , LogicTick LogicLow
        , LogicTick LogicLow
        , LogicTick LogicLow
        , LogicTick LogicLow
        , LogicTick LogicLow
        , LogicTick LogicLow
        , LogicTick LogicLow
        , LogicTick LogicLow
        , LogicTick LogicLow
        , LogicTick LogicLow
        , LogicTick LogicLow
        , LogicTick LogicLow
        , LogicTick LogicLow
        , LogicTick LogicLow
        , LogicTick LogicLow
        , LogicTick LogicLow
        , LogicTick LogicLow
        , LogicTick LogicLow
        , LogicTick LogicLow
        , LogicTick LogicLow
        , LogicTick LogicLow
        , LogicTick LogicLow
        , LogicTick LogicLow
        , LogicTick LogicLow
        , LogicTick LogicLow
        , LogicTick LogicLow
        ]
    )
,
    ( IdentifierCode "#"
    ,
        [ LogicTick LogicLow
        , LogicTick LogicLow
        , LogicTick LogicLow
        , LogicTick LogicLow
        , LogicTick LogicLow
        , LogicTick LogicLow
        , LogicTick LogicLow
        , LogicTick LogicLow
        , LogicTick LogicLow
        , LogicTick LogicLow
        , LogicTick LogicLow
        , LogicTick LogicLow
        , LogicTick LogicLow
        , LogicTick LogicLow
        , LogicTick LogicLow
        , LogicTick LogicLow
        , LogicTick LogicLow
        , LogicTick LogicLow
        , LogicTick LogicLow
        , LogicTick LogicLow
        , LogicTick LogicLow
        , LogicTick LogicLow
        , LogicTick LogicLow
        , LogicTick LogicLow
        , LogicTick LogicLow
        , LogicTick LogicLow
        , LogicTick LogicLow
        , LogicTick LogicLow
        , LogicTick LogicRising
        , LogicTick LogicHigh
        , LogicTick LogicHigh
        , LogicTick LogicHigh
        , LogicTick LogicHigh
        , LogicTick LogicHigh
        , LogicTick LogicHigh
        , LogicTick LogicHigh
        , LogicTick LogicHigh
        , LogicTick LogicHigh
        , LogicTick LogicHigh
        , LogicTick LogicHigh
        , LogicTick LogicHigh
        , LogicTick LogicHigh
        , LogicTick LogicHigh
        , LogicTick LogicHigh
        , LogicTick LogicHigh
        , LogicTick LogicHigh
        , LogicTick LogicHigh
        , LogicTick LogicHigh
        , LogicTick LogicHigh
        , LogicTick LogicHigh
        , LogicTick LogicHigh
        , LogicTick LogicHigh
        , LogicTick LogicHigh
        , LogicTick LogicHigh
        , LogicTick LogicHigh
        , LogicTick LogicHigh
        , LogicTick LogicHigh
        , LogicTick LogicHigh
        , LogicTick LogicHigh
        , LogicTick LogicHigh
        , LogicTick LogicHigh
        , LogicTick LogicHigh
        , LogicTick LogicHigh
        , LogicTick LogicHigh
        , LogicTick LogicHigh
        , LogicTick LogicHigh
        , LogicTick LogicHigh
        , LogicTick LogicHigh
        , LogicTick LogicHigh
        , LogicTick LogicHigh
        , LogicTick LogicHigh
        , LogicTick LogicHigh
        , LogicTick LogicHigh
        , LogicTick LogicHigh
        , LogicTick LogicHigh
        , LogicTick LogicHigh
        , LogicTick LogicHigh
        , LogicTick LogicHigh
        , LogicTick LogicHigh
        , LogicTick LogicHigh
        , LogicTick LogicHigh
        , LogicTick LogicHigh
        , LogicTick LogicHigh
        , LogicTick LogicHigh
        , LogicTick LogicHigh
        , LogicTick LogicHigh
        , LogicTick LogicHigh
        , LogicTick LogicHigh
        , LogicTick LogicFalling
        , LogicTick LogicLow
        , LogicTick LogicLow
        , LogicTick LogicLow
        , LogicTick LogicLow
        , LogicTick LogicLow
        , LogicTick LogicLow
        , LogicTick LogicLow
        , LogicTick LogicLow
        , LogicTick LogicLow
        , LogicTick LogicLow
        , LogicTick LogicLow
        , LogicTick LogicLow
        , LogicTick LogicLow
        ]
    )
,
    ( IdentifierCode "$"
    , []
    )
,
    ( IdentifierCode "%"
    ,
        [ LogicTick LogicRising
        , LogicTick LogicHigh
        , LogicTick LogicFalling
        , LogicTick LogicLow
        , LogicTick LogicRising
        , LogicTick LogicHigh
        , LogicTick LogicFalling
        , LogicTick LogicLow
        , LogicTick LogicRising
        , LogicTick LogicHigh
        , LogicTick LogicFalling
        , LogicTick LogicLow
        , LogicTick LogicRising
        , LogicTick LogicHigh
        , LogicTick LogicFalling
        , LogicTick LogicLow
        , LogicTick LogicRising
        , LogicTick LogicHigh
        , LogicTick LogicFalling
        , LogicTick LogicLow
        , LogicTick LogicRising
        , LogicTick LogicHigh
        , LogicTick LogicFalling
        , LogicTick LogicLow
        , LogicTick LogicRising
        , LogicTick LogicHigh
        , LogicTick LogicFalling
        , LogicTick LogicLow
        , LogicTick LogicRising
        , LogicTick LogicHigh
        , LogicTick LogicFalling
        , LogicTick LogicLow
        , LogicTick LogicRising
        , LogicTick LogicHigh
        , LogicTick LogicFalling
        , LogicTick LogicLow
        , LogicTick LogicRising
        , LogicTick LogicHigh
        , LogicTick LogicFalling
        , LogicTick LogicLow
        , LogicTick LogicRising
        , LogicTick LogicHigh
        , LogicTick LogicFalling
        , LogicTick LogicLow
        , LogicTick LogicRising
        , LogicTick LogicHigh
        , LogicTick LogicFalling
        , LogicTick LogicLow
        , LogicTick LogicRising
        , LogicTick LogicHigh
        , LogicTick LogicFalling
        , LogicTick LogicLow
        , LogicTick LogicRising
        , LogicTick LogicHigh
        , LogicTick LogicFalling
        , LogicTick LogicLow
        , LogicTick LogicRising
        , LogicTick LogicHigh
        , LogicTick LogicFalling
        , LogicTick LogicLow
        , LogicTick LogicRising
        , LogicTick LogicHigh
        , LogicTick LogicFalling
        , LogicTick LogicLow
        , LogicTick LogicRising
        , LogicTick LogicHigh
        , LogicTick LogicFalling
        , LogicTick LogicLow
        , LogicTick LogicRising
        , LogicTick LogicHigh
        , LogicTick LogicFalling
        , LogicTick LogicLow
        , LogicTick LogicRising
        , LogicTick LogicHigh
        , LogicTick LogicFalling
        , LogicTick LogicLow
        , LogicTick LogicRising
        , LogicTick LogicHigh
        , LogicTick LogicFalling
        , LogicTick LogicLow
        , LogicTick LogicRising
        , LogicTick LogicHigh
        , LogicTick LogicFalling
        , LogicTick LogicLow
        , LogicTick LogicRising
        , LogicTick LogicHigh
        , LogicTick LogicFalling
        , LogicTick LogicLow
        , LogicTick LogicRising
        , LogicTick LogicHigh
        , LogicTick LogicFalling
        , LogicTick LogicLow
        , LogicTick LogicRising
        , LogicTick LogicHigh
        , LogicTick LogicFalling
        , LogicTick LogicLow
        , LogicTick LogicRising
        , LogicTick LogicHigh
        , LogicTick LogicFalling
        , LogicTick LogicLow
        , LogicTick LogicLow
        , LogicTick LogicLow
        ]
    )
,
    ( IdentifierCode "&"
    ,
        [ VectorTick
            ( VectorStable
                ( Just '0' )
            )
        , VectorTick
            ( VectorStable
                ( Just '0' )
            )
        , VectorTick
            ( VectorStable
                ( Just '0' )
            )
        , VectorTick
            ( VectorStable
                ( Just '0' )
            )
        , VectorTick
            ( VectorStable
                ( Just '0' )
            )
        , VectorTick
            ( VectorStable
                ( Just '0' )
            )
        , VectorTick
            ( VectorStable
                ( Just '0' )
            )
        , VectorTick
            ( VectorStable
                ( Just '0' )
            )
        , VectorTick ( VectorStable Nothing )
        , VectorTick ( VectorStable Nothing )
        , VectorTick ( VectorStable Nothing )
        , VectorTick ( VectorStable Nothing )
        , VectorTick ( VectorStable Nothing )
        , VectorTick ( VectorStable Nothing )
        , VectorTick ( VectorStable Nothing )
        , VectorTick ( VectorStable Nothing )
        , VectorTick ( VectorStable Nothing )
        , VectorTick ( VectorStable Nothing )
        , VectorTick VectorRight
        , VectorTick VectorLeft
        , VectorTick
            ( VectorStable
                ( Just '0' )
            )
        , VectorTick
            ( VectorStable
                ( Just '0' )
            )
        , VectorTick
            ( VectorStable
                ( Just '0' )
            )
        , VectorTick
            ( VectorStable
                ( Just '0' )
            )
        , VectorTick
            ( VectorStable
                ( Just '0' )
            )
        , VectorTick
            ( VectorStable
                ( Just '0' )
            )
        , VectorTick
            ( VectorStable
                ( Just '0' )
            )
        , VectorTick
            ( VectorStable
                ( Just '1' )
            )
        , VectorTick ( VectorStable Nothing )
        , VectorTick ( VectorStable Nothing )
        , VectorTick ( VectorStable Nothing )
        , VectorTick ( VectorStable Nothing )
        , VectorTick ( VectorStable Nothing )
        , VectorTick ( VectorStable Nothing )
        , VectorTick ( VectorStable Nothing )
        , VectorTick ( VectorStable Nothing )
        , VectorTick ( VectorStable Nothing )
        , VectorTick ( VectorStable Nothing )
        , VectorTick VectorRight
        , VectorTick VectorLeft
        , VectorTick
            ( VectorStable
                ( Just '0' )
            )
        , VectorTick
            ( VectorStable
                ( Just '0' )
            )
        , VectorTick
            ( VectorStable
                ( Just '0' )
            )
        , VectorTick
            ( VectorStable
                ( Just '0' )
            )
        , VectorTick
            ( VectorStable
                ( Just '0' )
            )
        , VectorTick
            ( VectorStable
                ( Just '0' )
            )
        , VectorTick
            ( VectorStable
                ( Just '1' )
            )
        , VectorTick
            ( VectorStable
                ( Just '0' )
            )
        , VectorTick ( VectorStable Nothing )
        , VectorTick ( VectorStable Nothing )
        , VectorTick ( VectorStable Nothing )
        , VectorTick ( VectorStable Nothing )
        , VectorTick ( VectorStable Nothing )
        , VectorTick ( VectorStable Nothing )
        , VectorTick ( VectorStable Nothing )
        , VectorTick ( VectorStable Nothing )
        , VectorTick ( VectorStable Nothing )
        , VectorTick ( VectorStable Nothing )
        , VectorTick VectorRight
        , VectorTick VectorLeft
        , VectorTick
            ( VectorStable
                ( Just '0' )
            )
        , VectorTick
            ( VectorStable
                ( Just '0' )
            )
        , VectorTick
            ( VectorStable
                ( Just '0' )
            )
        , VectorTick
            ( VectorStable
                ( Just '0' )
            )
        , VectorTick
            ( VectorStable
                ( Just '1' )
            )
        , VectorTick
            ( VectorStable
                ( Just '1' )
            )
        , VectorTick
            ( VectorStable
                ( Just '1' )
            )
        , VectorTick
            ( VectorStable
                ( Just '1' )
            )
        , VectorTick ( VectorStable Nothing )
        , VectorTick ( VectorStable Nothing )
        , VectorTick ( VectorStable Nothing )
        , VectorTick ( VectorStable Nothing )
        , VectorTick ( VectorStable Nothing )
        , VectorTick ( VectorStable Nothing )
        , VectorTick ( VectorStable Nothing )
        , VectorTick ( VectorStable Nothing )
        , VectorTick ( VectorStable Nothing )
        , VectorTick ( VectorStable Nothing )
        , VectorTick VectorRight
        , VectorTick VectorLeft
        , VectorTick
            ( VectorStable
                ( Just '1' )
            )
        , VectorTick
            ( VectorStable
                ( Just '1' )
            )
        , VectorTick
            ( VectorStable
                ( Just '1' )
            )
        , VectorTick
            ( VectorStable
                ( Just '1' )
            )
        , VectorTick
            ( VectorStable
                ( Just '0' )
            )
        , VectorTick
            ( VectorStable
                ( Just '0' )
            )
        , VectorTick
            ( VectorStable
                ( Just '0' )
            )
        , VectorTick
            ( VectorStable
                ( Just '0' )
            )
        , VectorTick ( VectorStable Nothing )
        , VectorTick ( VectorStable Nothing )
        , VectorTick ( VectorStable Nothing )
        , VectorTick ( VectorStable Nothing )
        , VectorTick ( VectorStable Nothing )
        , VectorTick ( VectorStable Nothing )
        , VectorTick ( VectorStable Nothing )
        , VectorTick ( VectorStable Nothing )
        , VectorTick ( VectorStable Nothing )
        , VectorTick ( VectorStable Nothing )
        , VectorTick ( VectorStable Nothing )
        , VectorTick ( VectorStable Nothing )
        , VectorTick ( VectorStable Nothing )
        , VectorTick ( VectorStable Nothing )
        ]
    )
]