ValueChangeDumpDefinitions
    { declarations =
        [ Date
            ( DateText "September 30, 2026 " )
        , Version
            ( VersionText "Haze Test Generator 1.0 " )
        , TimeScale T1 NanoSeconds
        , Scope Module
            ( ScopeIdentifier "top" )
        , Var Wire
            ( Size 1 )
            ( IdentifierCode "!" )
            ( Identifier "clk" )
        , Var Wire
            ( Size 1 )
            ( IdentifierCode """ )
            ( Identifier "reset" )
        , Var Wire
            ( Size 1 )
            ( IdentifierCode "#" )
            ( Identifier "enable" )
        , Var Wire
            ( Size 1 )
            ( IdentifierCode "$" )
            ( Identifier "data" )
        , Var Wire
            ( Size 1 )
            ( IdentifierCode "%" )
            ( Identifier "fast" )
        , Var Wire
            ( Size 8 )
            ( IdentifierCode "&" )
            ( Identifier "counter" )
        , Upscope
        , EndDefinitions
        ]
    , simulations =
        [ SimTime
            ( SimulationTime 0 )
        , DumpVars
            [ ScalarChange
                ( ScalarValueChange V0
                    ( IdentifierCode "!" )
                )
            , ScalarChange
                ( ScalarValueChange V1
                    ( IdentifierCode """ )
                )
            , ScalarChange
                ( ScalarValueChange V0
                    ( IdentifierCode "#" )
                )
            , ScalarChange
                ( ScalarValueChange Vx
                    ( IdentifierCode "$" )
                )
            , ScalarChange
                ( ScalarValueChange V0
                    ( IdentifierCode "%" )
                )
            , VectorChange
                ( BinaryLower "00000000"
                    ( IdentifierCode "&" )
                )
            ]
        , SimTime
            ( SimulationTime 1 )
        , SimValueChange
            ( ScalarChange
                ( ScalarValueChange V1
                    ( IdentifierCode "%" )
                )
            )
        , SimTime
            ( SimulationTime 2 )
        , SimValueChange
            ( ScalarChange
                ( ScalarValueChange V0
                    ( IdentifierCode "%" )
                )
            )
        , SimTime
            ( SimulationTime 3 )
        , SimValueChange
            ( ScalarChange
                ( ScalarValueChange V1
                    ( IdentifierCode "%" )
                )
            )
        , SimTime
            ( SimulationTime 4 )
        , SimValueChange
            ( ScalarChange
                ( ScalarValueChange V0
                    ( IdentifierCode "%" )
                )
            )
        , SimTime
            ( SimulationTime 5 )
        , SimValueChange
            ( ScalarChange
                ( ScalarValueChange V1
                    ( IdentifierCode "!" )
                )
            )
        , SimValueChange
            ( ScalarChange
                ( ScalarValueChange V1
                    ( IdentifierCode "%" )
                )
            )
        , SimTime
            ( SimulationTime 6 )
        , SimValueChange
            ( ScalarChange
                ( ScalarValueChange V0
                    ( IdentifierCode "%" )
                )
            )
        , SimTime
            ( SimulationTime 7 )
        , SimValueChange
            ( ScalarChange
                ( ScalarValueChange V1
                    ( IdentifierCode "%" )
                )
            )
        , SimTime
            ( SimulationTime 8 )
        , SimValueChange
            ( ScalarChange
                ( ScalarValueChange V0
                    ( IdentifierCode "%" )
                )
            )
        , SimTime
            ( SimulationTime 9 )
        , SimValueChange
            ( ScalarChange
                ( ScalarValueChange V1
                    ( IdentifierCode "%" )
                )
            )
        , SimTime
            ( SimulationTime 10 )
        , SimValueChange
            ( ScalarChange
                ( ScalarValueChange V0
                    ( IdentifierCode "!" )
                )
            )
        , SimValueChange
            ( ScalarChange
                ( ScalarValueChange V0
                    ( IdentifierCode """ )
                )
            )
        , SimValueChange
            ( ScalarChange
                ( ScalarValueChange V0
                    ( IdentifierCode "%" )
                )
            )
        , SimValueChange
            ( VectorChange
                ( BinaryLower "00000001"
                    ( IdentifierCode "&" )
                )
            )
        , SimTime
            ( SimulationTime 11 )
        , SimValueChange
            ( ScalarChange
                ( ScalarValueChange V1
                    ( IdentifierCode "%" )
                )
            )
        , SimTime
            ( SimulationTime 12 )
        , SimValueChange
            ( ScalarChange
                ( ScalarValueChange V0
                    ( IdentifierCode "%" )
                )
            )
        , SimTime
            ( SimulationTime 13 )
        , SimValueChange
            ( ScalarChange
                ( ScalarValueChange V1
                    ( IdentifierCode "%" )
                )
            )
        , SimTime
            ( SimulationTime 14 )
        , SimValueChange
            ( ScalarChange
                ( ScalarValueChange V0
                    ( IdentifierCode "%" )
                )
            )
        , SimTime
            ( SimulationTime 15 )
        , SimValueChange
            ( ScalarChange
                ( ScalarValueChange V1
                    ( IdentifierCode "!" )
                )
            )
        , SimValueChange
            ( ScalarChange
                ( ScalarValueChange V1
                    ( IdentifierCode "#" )
                )
            )
        , SimValueChange
            ( ScalarChange
                ( ScalarValueChange V1
                    ( IdentifierCode "%" )
                )
            )
        , SimTime
            ( SimulationTime 16 )
        , SimValueChange
            ( ScalarChange
                ( ScalarValueChange V0
                    ( IdentifierCode "%" )
                )
            )
        , SimTime
            ( SimulationTime 17 )
        , SimValueChange
            ( ScalarChange
                ( ScalarValueChange V1
                    ( IdentifierCode "%" )
                )
            )
        , SimTime
            ( SimulationTime 18 )
        , SimValueChange
            ( ScalarChange
                ( ScalarValueChange V0
                    ( IdentifierCode "%" )
                )
            )
        , SimTime
            ( SimulationTime 19 )
        , SimValueChange
            ( ScalarChange
                ( ScalarValueChange V1
                    ( IdentifierCode "%" )
                )
            )
        , SimTime
            ( SimulationTime 20 )
        , SimValueChange
            ( ScalarChange
                ( ScalarValueChange V0
                    ( IdentifierCode "!" )
                )
            )
        , SimValueChange
            ( ScalarChange
                ( ScalarValueChange V0
                    ( IdentifierCode "$" )
                )
            )
        , SimValueChange
            ( ScalarChange
                ( ScalarValueChange V0
                    ( IdentifierCode "%" )
                )
            )
        , SimValueChange
            ( VectorChange
                ( BinaryLower "00000010"
                    ( IdentifierCode "&" )
                )
            )
        , SimTime
            ( SimulationTime 21 )
        , SimValueChange
            ( ScalarChange
                ( ScalarValueChange V1
                    ( IdentifierCode "%" )
                )
            )
        , SimTime
            ( SimulationTime 22 )
        , SimValueChange
            ( ScalarChange
                ( ScalarValueChange V0
                    ( IdentifierCode "%" )
                )
            )
        , SimTime
            ( SimulationTime 23 )
        , SimValueChange
            ( ScalarChange
                ( ScalarValueChange V1
                    ( IdentifierCode "%" )
                )
            )
        , SimTime
            ( SimulationTime 24 )
        , SimValueChange
            ( ScalarChange
                ( ScalarValueChange V0
                    ( IdentifierCode "%" )
                )
            )
        , SimTime
            ( SimulationTime 25 )
        , SimValueChange
            ( ScalarChange
                ( ScalarValueChange V1
                    ( IdentifierCode "!" )
                )
            )
        , SimValueChange
            ( ScalarChange
                ( ScalarValueChange V1
                    ( IdentifierCode "%" )
                )
            )
        , SimTime
            ( SimulationTime 26 )
        , SimValueChange
            ( ScalarChange
                ( ScalarValueChange V0
                    ( IdentifierCode "%" )
                )
            )
        , SimTime
            ( SimulationTime 27 )
        , SimValueChange
            ( ScalarChange
                ( ScalarValueChange V1
                    ( IdentifierCode "%" )
                )
            )
        , SimTime
            ( SimulationTime 28 )
        , SimValueChange
            ( ScalarChange
                ( ScalarValueChange V0
                    ( IdentifierCode "%" )
                )
            )
        , SimTime
            ( SimulationTime 29 )
        , SimValueChange
            ( ScalarChange
                ( ScalarValueChange V1
                    ( IdentifierCode "%" )
                )
            )
        , SimTime
            ( SimulationTime 30 )
        , SimValueChange
            ( ScalarChange
                ( ScalarValueChange V0
                    ( IdentifierCode "!" )
                )
            )
        , SimValueChange
            ( ScalarChange
                ( ScalarValueChange V1
                    ( IdentifierCode "$" )
                )
            )
        , SimValueChange
            ( ScalarChange
                ( ScalarValueChange V0
                    ( IdentifierCode "%" )
                )
            )
        , SimValueChange
            ( VectorChange
                ( BinaryLower "00001111"
                    ( IdentifierCode "&" )
                )
            )
        , SimTime
            ( SimulationTime 31 )
        , SimValueChange
            ( ScalarChange
                ( ScalarValueChange V1
                    ( IdentifierCode "%" )
                )
            )
        , SimTime
            ( SimulationTime 32 )
        , SimValueChange
            ( ScalarChange
                ( ScalarValueChange V0
                    ( IdentifierCode "%" )
                )
            )
        , SimTime
            ( SimulationTime 33 )
        , SimValueChange
            ( ScalarChange
                ( ScalarValueChange V1
                    ( IdentifierCode "%" )
                )
            )
        , SimTime
            ( SimulationTime 34 )
        , SimValueChange
            ( ScalarChange
                ( ScalarValueChange V0
                    ( IdentifierCode "%" )
                )
            )
        , SimTime
            ( SimulationTime 35 )
        , SimValueChange
            ( ScalarChange
                ( ScalarValueChange V1
                    ( IdentifierCode "!" )
                )
            )
        , SimValueChange
            ( ScalarChange
                ( ScalarValueChange V1
                    ( IdentifierCode "%" )
                )
            )
        , SimTime
            ( SimulationTime 36 )
        , SimValueChange
            ( ScalarChange
                ( ScalarValueChange V0
                    ( IdentifierCode "%" )
                )
            )
        , SimTime
            ( SimulationTime 37 )
        , SimValueChange
            ( ScalarChange
                ( ScalarValueChange V1
                    ( IdentifierCode "%" )
                )
            )
        , SimTime
            ( SimulationTime 38 )
        , SimValueChange
            ( ScalarChange
                ( ScalarValueChange V0
                    ( IdentifierCode "%" )
                )
            )
        , SimTime
            ( SimulationTime 39 )
        , SimValueChange
            ( ScalarChange
                ( ScalarValueChange V1
                    ( IdentifierCode "%" )
                )
            )
        , SimTime
            ( SimulationTime 40 )
        , SimValueChange
            ( ScalarChange
                ( ScalarValueChange V0
                    ( IdentifierCode "!" )
                )
            )
        , SimValueChange
            ( ScalarChange
                ( ScalarValueChange V0
                    ( IdentifierCode "%" )
                )
            )
        , SimValueChange
            ( VectorChange
                ( BinaryLower "11110000"
                    ( IdentifierCode "&" )
                )
            )
        , SimTime
            ( SimulationTime 41 )
        , SimValueChange
            ( ScalarChange
                ( ScalarValueChange V1
                    ( IdentifierCode "%" )
                )
            )
        , SimTime
            ( SimulationTime 42 )
        , SimValueChange
            ( ScalarChange
                ( ScalarValueChange V0
                    ( IdentifierCode "%" )
                )
            )
        , SimTime
            ( SimulationTime 43 )
        , SimValueChange
            ( ScalarChange
                ( ScalarValueChange V1
                    ( IdentifierCode "%" )
                )
            )
        , SimTime
            ( SimulationTime 44 )
        , SimValueChange
            ( ScalarChange
                ( ScalarValueChange V0
                    ( IdentifierCode "%" )
                )
            )
        , SimTime
            ( SimulationTime 45 )
        , SimValueChange
            ( ScalarChange
                ( ScalarValueChange V1
                    ( IdentifierCode "!" )
                )
            )
        , SimValueChange
            ( ScalarChange
                ( ScalarValueChange V0
                    ( IdentifierCode "#" )
                )
            )
        , SimValueChange
            ( ScalarChange
                ( ScalarValueChange V1
                    ( IdentifierCode "%" )
                )
            )
        , SimTime
            ( SimulationTime 46 )
        , SimValueChange
            ( ScalarChange
                ( ScalarValueChange V0
                    ( IdentifierCode "%" )
                )
            )
        , SimTime
            ( SimulationTime 47 )
        , SimValueChange
            ( ScalarChange
                ( ScalarValueChange V1
                    ( IdentifierCode "%" )
                )
            )
        , SimTime
            ( SimulationTime 48 )
        , SimValueChange
            ( ScalarChange
                ( ScalarValueChange V0
                    ( IdentifierCode "%" )
                )
            )
        , SimTime
            ( SimulationTime 49 )
        , SimValueChange
            ( ScalarChange
                ( ScalarValueChange V1
                    ( IdentifierCode "%" )
                )
            )
        , SimTime
            ( SimulationTime 50 )
        , SimValueChange
            ( ScalarChange
                ( ScalarValueChange V0
                    ( IdentifierCode "!" )
                )
            )
        , SimValueChange
            ( ScalarChange
                ( ScalarValueChange V0
                    ( IdentifierCode "%" )
                )
            )
        ]
    }