[
    ( IdentifierCode "!"
    ,
        [ LogicValue V0
        , LogicValue V0
        , LogicValue V0
        , LogicValue V0
        , LogicValue V0
        , LogicValue V1
        , LogicValue V1
        , LogicValue V1
        , LogicValue V1
        , LogicValue V1
        , LogicValue V0
        , LogicValue V0
        , LogicValue V0
        , LogicValue V0
        , LogicValue V0
        , LogicValue V1
        , LogicValue V1
        , LogicValue V1
        , LogicValue V1
        , LogicValue V1
        , LogicValue V0
        , LogicValue V0
        , LogicValue V0
        , LogicValue V0
        , LogicValue V0
        , LogicValue V1
        , LogicValue V1
        , LogicValue V1
        , LogicValue V1
        , LogicValue V1
        , LogicValue V0
        , LogicValue V0
        , LogicValue V0
        , LogicValue V0
        , LogicValue V0
        , LogicValue V1
        , LogicValue V1
        , LogicValue V1
        , LogicValue V1
        , LogicValue V1
        , LogicValue V0
        , LogicValue V0
        , LogicValue V0
        , LogicValue V0
        , LogicValue V0
        , LogicValue V1
        , LogicValue V1
        , LogicValue V1
        , LogicValue V1
        , LogicValue V1
        , LogicValue V0
        ]
    )
,
    ( IdentifierCode """
    ,
        [ LogicValue V1
        , LogicValue V1
        , LogicValue V1
        , LogicValue V1
        , LogicValue V1
        , LogicValue V1
        , LogicValue V1
        , LogicValue V1
        , LogicValue V1
        , LogicValue V1
        , LogicValue V0
        , LogicValue V0
        , LogicValue V0
        , LogicValue V0
        , LogicValue V0
        , LogicValue V0
        , LogicValue V0
        , LogicValue V0
        , LogicValue V0
        , LogicValue V0
        , LogicValue V0
        , LogicValue V0
        , LogicValue V0
        , LogicValue V0
        , LogicValue V0
        , LogicValue V0
        , LogicValue V0
        , LogicValue V0
        , LogicValue V0
        , LogicValue V0
        , LogicValue V0
        , LogicValue V0
        , LogicValue V0
        , LogicValue V0
        , LogicValue V0
        , LogicValue V0
        , LogicValue V0
        , LogicValue V0
        , LogicValue V0
        , LogicValue V0
        , LogicValue V0
        , LogicValue V0
        , LogicValue V0
        , LogicValue V0
        , LogicValue V0
        , LogicValue V0
        , LogicValue V0
        , LogicValue V0
        , LogicValue V0
        , LogicValue V0
        , LogicValue V0
        ]
    )
,
    ( IdentifierCode "#"
    ,
        [ LogicValue V0
        , LogicValue V0
        , LogicValue V0
        , LogicValue V0
        , LogicValue V0
        , LogicValue V0
        , LogicValue V0
        , LogicValue V0
        , LogicValue V0
        , LogicValue V0
        , LogicValue V0
        , LogicValue V0
        , LogicValue V0
        , LogicValue V0
        , LogicValue V0
        , LogicValue V1
        , LogicValue V1
        , LogicValue V1
        , LogicValue V1
        , LogicValue V1
        , LogicValue V1
        , LogicValue V1
        , LogicValue V1
        , LogicValue V1
        , LogicValue V1
        , LogicValue V1
        , LogicValue V1
        , LogicValue V1
        , LogicValue V1
        , LogicValue V1
        , LogicValue V1
        , LogicValue V1
        , LogicValue V1
        , LogicValue V1
        , LogicValue V1
        , LogicValue V1
        , LogicValue V1
        , LogicValue V1
        , LogicValue V1
        , LogicValue V1
        , LogicValue V1
        , LogicValue V1
        , LogicValue V1
        , LogicValue V1
        , LogicValue V1
        , LogicValue V0
        , LogicValue V0
        , LogicValue V0
        , LogicValue V0
        , LogicValue V0
        , LogicValue V0
        ]
    )
,
    ( IdentifierCode "$"
    ,
        [ LogicValue Vx
        , LogicValue Vx
        , LogicValue Vx
        , LogicValue Vx
        , LogicValue Vx
        , LogicValue Vx
        , LogicValue Vx
        , LogicValue Vx
        , LogicValue Vx
        , LogicValue Vx
        , LogicValue Vx
        , LogicValue Vx
        , LogicValue Vx
        , LogicValue Vx
        , LogicValue Vx
        , LogicValue Vx
        , LogicValue Vx
        , LogicValue Vx
        , LogicValue Vx
        , LogicValue Vx
        , LogicValue V0
        , LogicValue V0
        , LogicValue V0
        , LogicValue V0
        , LogicValue V0
        , LogicValue V0
        , LogicValue V0
        , LogicValue V0
        , LogicValue V0
        , LogicValue V0
        , LogicValue V1
        , LogicValue V1
        , LogicValue V1
        , LogicValue V1
        , LogicValue V1
        , LogicValue V1
        , LogicValue V1
        , LogicValue V1
        , LogicValue V1
        , LogicValue V1
        , LogicValue V1
        , LogicValue V1
        , LogicValue V1
        , LogicValue V1
        , LogicValue V1
        , LogicValue V1
        , LogicValue V1
        , LogicValue V1
        , LogicValue V1
        , LogicValue V1
        , LogicValue V1
        ]
    )
,
    ( IdentifierCode "%"
    ,
        [ LogicValue V0
        , LogicValue V1
        , LogicValue V0
        , LogicValue V1
        , LogicValue V0
        , LogicValue V1
        , LogicValue V0
        , LogicValue V1
        , LogicValue V0
        , LogicValue V1
        , LogicValue V0
        , LogicValue V1
        , LogicValue V0
        , LogicValue V1
        , LogicValue V0
        , LogicValue V1
        , LogicValue V0
        , LogicValue V1
        , LogicValue V0
        , LogicValue V1
        , LogicValue V0
        , LogicValue V1
        , LogicValue V0
        , LogicValue V1
        , LogicValue V0
        , LogicValue V1
        , LogicValue V0
        , LogicValue V1
        , LogicValue V0
        , LogicValue V1
        , LogicValue V0
        , LogicValue V1
        , LogicValue V0
        , LogicValue V1
        , LogicValue V0
        , LogicValue V1
        , LogicValue V0
        , LogicValue V1
        , LogicValue V0
        , LogicValue V1
        , LogicValue V0
        , LogicValue V1
        , LogicValue V0
        , LogicValue V1
        , LogicValue V0
        , LogicValue V1
        , LogicValue V0
        , LogicValue V1
        , LogicValue V0
        , LogicValue V1
        , LogicValue V0
        ]
    )
,
    ( IdentifierCode "&"
    ,
        [ BinaryValue "00000000"
        , BinaryValue "00000000"
        , BinaryValue "00000000"
        , BinaryValue "00000000"
        , BinaryValue "00000000"
        , BinaryValue "00000000"
        , BinaryValue "00000000"
        , BinaryValue "00000000"
        , BinaryValue "00000000"
        , BinaryValue "00000000"
        , BinaryValue "00000001"
        , BinaryValue "00000001"
        , BinaryValue "00000001"
        , BinaryValue "00000001"
        , BinaryValue "00000001"
        , BinaryValue "00000001"
        , BinaryValue "00000001"
        , BinaryValue "00000001"
        , BinaryValue "00000001"
        , BinaryValue "00000001"
        , BinaryValue "00000010"
        , BinaryValue "00000010"
        , BinaryValue "00000010"
        , BinaryValue "00000010"
        , BinaryValue "00000010"
        , BinaryValue "00000010"
        , BinaryValue "00000010"
        , BinaryValue "00000010"
        , BinaryValue "00000010"
        , BinaryValue "00000010"
        , BinaryValue "00001111"
        , BinaryValue "00001111"
        , BinaryValue "00001111"
        , BinaryValue "00001111"
        , BinaryValue "00001111"
        , BinaryValue "00001111"
        , BinaryValue "00001111"
        , BinaryValue "00001111"
        , BinaryValue "00001111"
        , BinaryValue "00001111"
        , BinaryValue "11110000"
        , BinaryValue "11110000"
        , BinaryValue "11110000"
        , BinaryValue "11110000"
        , BinaryValue "11110000"
        , BinaryValue "11110000"
        , BinaryValue "11110000"
        , BinaryValue "11110000"
        , BinaryValue "11110000"
        , BinaryValue "11110000"
        , BinaryValue "11110000"
        ]
    )
]