ValueChangeDumpDefinitions
    { declarations =
        [ Date
            ( DateText "June 26, 1989 10:05:41
                " )
        , Version
            ( VersionText "VERILOG-SIMULATOR 1.0a
                " )
        , TimeScale T1 NanoSeconds
        , Scope Module
            ( ScopeIdentifier "top" )
        , Scope Module
            ( ScopeIdentifier "m1" )
        , Var Trireg
            ( Size 1 )
            ( IdentifierCode "*@" )
            ( Identifier "net1" )
        , Var Trireg
            ( Size 1 )
            ( IdentifierCode "*#" )
            ( Identifier "net2" )
        , Var Trireg
            ( Size 1 )
            ( IdentifierCode "*$" )
            ( Identifier "net3" )
        , Upscope
        , Scope Task
            ( ScopeIdentifier "t1" )
        , Var Reg
            ( Size 32 )
            ( IdentifierCode "(k" )
            ( RangeSelect "accumulator"
                ( Index 31 )
                ( Index 0 )
            )
        , Var Integer
            ( Size 32 )
            ( IdentifierCode "{2" )
            ( Identifier "index" )
        , Upscope
        , Upscope
        , EndDefinitions
        ]
    , simulations =
        [ SimTime
            ( SimulationTime 500 )
        , DumpVars
            [ ScalarChange
                ( ScalarValueChange Vx
                    ( IdentifierCode "*@" )
                )
            , ScalarChange
                ( ScalarValueChange Vx
                    ( IdentifierCode "*#" )
                )
            , ScalarChange
                ( ScalarValueChange Vx
                    ( IdentifierCode "*$" )
                )
            , VectorChange
                ( BinaryLower "x"
                    ( IdentifierCode "(k" )
                )
            , VectorChange
                ( BinaryLower "x"
                    ( IdentifierCode "{2" )
                )
            ]
        , SimTime
            ( SimulationTime 505 )
        , SimValueChange
            ( ScalarChange
                ( ScalarValueChange V0
                    ( IdentifierCode "*@" )
                )
            )
        , SimValueChange
            ( ScalarChange
                ( ScalarValueChange V1
                    ( IdentifierCode "*#" )
                )
            )
        , SimValueChange
            ( ScalarChange
                ( ScalarValueChange V1
                    ( IdentifierCode "*$" )
                )
            )
        , SimValueChange
            ( VectorChange
                ( BinaryLower "10zx1110x11100"
                    ( IdentifierCode "(k" )
                )
            )
        , SimValueChange
            ( VectorChange
                ( BinaryLower "1111000101z01x"
                    ( IdentifierCode "{2" )
                )
            )
        , SimTime
            ( SimulationTime 510 )
        , SimValueChange
            ( ScalarChange
                ( ScalarValueChange V0
                    ( IdentifierCode "*$" )
                )
            )
        , SimTime
            ( SimulationTime 520 )
        , SimValueChange
            ( ScalarChange
                ( ScalarValueChange V1
                    ( IdentifierCode "*$" )
                )
            )
        , SimTime
            ( SimulationTime 530 )
        , SimValueChange
            ( ScalarChange
                ( ScalarValueChange V0
                    ( IdentifierCode "*$" )
                )
            )
        , SimValueChange
            ( VectorChange
                ( BinaryLower "z"
                    ( IdentifierCode "(k" )
                )
            )
        , SimTime
            ( SimulationTime 535 )
        , DumpAll
            [ ScalarChange
                ( ScalarValueChange V0
                    ( IdentifierCode "*@" )
                )
            , ScalarChange
                ( ScalarValueChange V1
                    ( IdentifierCode "*#" )
                )
            , ScalarChange
                ( ScalarValueChange V0
                    ( IdentifierCode "*$" )
                )
            , VectorChange
                ( BinaryLower "z"
                    ( IdentifierCode "(k" )
                )
            , VectorChange
                ( BinaryLower "1111000101z01x"
                    ( IdentifierCode "{2" )
                )
            ]
        , SimTime
            ( SimulationTime 540 )
        , SimValueChange
            ( ScalarChange
                ( ScalarValueChange V1
                    ( IdentifierCode "*$" )
                )
            )
        , SimTime
            ( SimulationTime 545 )
        , DumpOff
            [ ScalarChange
                ( ScalarValueChange Vx
                    ( IdentifierCode "*@" )
                )
            , ScalarChange
                ( ScalarValueChange Vx
                    ( IdentifierCode "*#" )
                )
            , ScalarChange
                ( ScalarValueChange Vx
                    ( IdentifierCode "*$" )
                )
            , VectorChange
                ( BinaryLower "x"
                    ( IdentifierCode "(k" )
                )
            , VectorChange
                ( BinaryLower "x"
                    ( IdentifierCode "{2" )
                )
            ]
        , SimTime
            ( SimulationTime 550 )
        , DumpOn
            [ ScalarChange
                ( ScalarValueChange Vz
                    ( IdentifierCode "*@" )
                )
            , ScalarChange
                ( ScalarValueChange V1
                    ( IdentifierCode "*#" )
                )
            , ScalarChange
                ( ScalarValueChange V0
                    ( IdentifierCode "*$" )
                )
            , VectorChange
                ( BinaryLower "0"
                    ( IdentifierCode "(k" )
                )
            , VectorChange
                ( BinaryLower "x"
                    ( IdentifierCode "{2" )
                )
            ]
        , SimTime
            ( SimulationTime 555 )
        , SimValueChange
            ( ScalarChange
                ( ScalarValueChange V1
                    ( IdentifierCode "*$" )
                )
            )
        ]
    }