HorizJoin {partLeft = VertJoin {partTop = HorizText {attr = Attr {attrStyle = Default, attrForeColor = Default, attrBackColor = Default, attrURL = Default}, displayText = "Identifier \"clo", outputWidth = 15, charWidth = 15}, partBottom = HorizText {attr = Attr {attrStyle = Default, attrForeColor = SetTo (ISOColor 0), attrBackColor = SetTo (ISOColor 11), attrURL = Default}, displayText = "RangeSelect \"da", outputWidth = 15, charWidth = 15}, outputWidth = 15, outputHeight = 2}, partRight = VertJoin {partTop = HorizText {attr = Attr {attrStyle = Default, attrForeColor = Default, attrBackColor = Default, attrURL = Default}, displayText = "\9474", outputWidth = 1, charWidth = 1}, partBottom = HorizText {attr = Attr {attrStyle = Default, attrForeColor = Default, attrBackColor = Default, attrURL = Default}, displayText = "\9474", outputWidth = 1, charWidth = 1}, outputWidth = 1, outputHeight = 2}, outputWidth = 16, outputHeight = 2}