[
    ( IdentifierCode "#"
    , "======================================================================================================="
    )
,
    ( IdentifierCode "$"
    , "________________________________________________________________________________________________>>>>>>_"
    )
,
    ( IdentifierCode "%"
    , ">>>>>>>>>>>>>>>>>>>>>>>>>>>>>>>>>>>>>>>>>>>>>>>>>>>>>>>>>>>>>>>>>>>>>>>>>>>>>>>>>>>>>>>>>>>>>>>>>>>>>>>"
    )
,
    ( IdentifierCode "&"
    , "_______________________________________________________________________________________________________"
    )
,
    ( IdentifierCode "'"
    , ">>>>>>>>>>>____________________________________________________________________________________________"
    )
,
    ( IdentifierCode "("
    , "_______________________________________________________________________________________________________"
    )
,
    ( IdentifierCode ")"
    , "_______________________________________________________________________________________________________"
    )
]
